// Jest Snapshot v1, https://goo.gl/fbAQLP

exports[`Button component Render normal via snapshot 1`] = `
<button
  className="btn"
  disabled={true}
  type="submit"
>
  Button
</button>
`;
